查看更新版本
$ git log
commit 10434fa4cce51d73f2ad1d4065656ddea65ad2e5
16进制的数，是一串哈希值——版本号

版本回退
$ git reset --hard 10434f （版本号前七位）

回到最新版本
$ git reflog 
10434fa HEAD@{0}: commit: useGit
ad1d839 HEAD@{1}: commit (initial): useGit

再次更新
$ git reset --hard 10434f （版本号前七位）

1、先拉下来，会自动合并的（不用操心）

git pull origin master

2、再上传

git push -u origin master

不clone 只上传
git init
git checkout debug
git add .
git commit -m 'xxx'
git remote add origin git@github.com:xxx/xxx.git
git push origin debug

全覆盖
git push -f origin

#使用git恢复未提交的误删数据
git reflog 获取最近操作记录
想要将代码恢复到指定版本，此时的head记录值为"b40839f"，输入如下命令即可：
git reset --hard b40839f
